// Jest Snapshot v1, https://goo.gl/fbAQLP

exports[`renders Home component 1`] = `
<DocumentFragment>
  <div
    class="relative h-[calc(100vh_-_14rem)] text-3xl font-inter grid grid-cols-home grid-rows-home-rows z-0"
    data-testid="home-component"
  >
    <img
      alt="promo"
      class="top-image-one-top
 left-image-one-left w-image-width
 rounded-xl overflow-hidden z-10
 col-start-10 col-span-6 row-start-12
 row-span-18 shadow-xl animate-fade-in-bck"
      src="home-1.jpg"
    />
    <img
      alt="promo"
      class="top-image-one-top
 left-image-one-left w-image-width
 rounded-xl overflow-hidden z-0
 col-start-14 col-span-6 row-start-3
 row-span-18 shadow-xl animate-fade-in-bck-2"
      src="home-2.jpg"
    />
    <img
      alt="promo"
      class="top-image-one-top
 left-image-one-left w-image-width
 rounded-xl overflow-hidden z-0
 col-start-6 col-span-6 row-start-3
 row-span-18 shadow-xl animate-fade-in-bck-3"
      src="home-3.jpg"
    />
    <div
      class="h-44 w-div-home-width bg-red-accent rounded-xl z-20 col-start-15
 row-start-14 shadow-xl border-solid border-light-red-accent border-2 animate-fade-in-bck-4"
    >
      <p
        class="m-3 w-50"
      >
        WE MAKE THE 
        <span
          class="text-white-accent"
        >
          FUTURE
        </span>
         AVAILABLE
      </p>
      <div
        class="flex justify-evenly content-center"
      >
        <div
          class="flex items-center text-white-accent"
        >
          TODAY
        </div>
        <a
          class="bg-black rounded-xl text-white-accent p-3
 shadow-xl transition-all duration-500 hover:bg-light-red-accent"
          href="/shop"
        >
          SHOP NOW
        </a>
      </div>
    </div>
  </div>
</DocumentFragment>
`;
