// Jest Snapshot v1, https://goo.gl/fbAQLP

exports[`should render the component 1`] = `
<DocumentFragment>
  <nav
    class="w-40 h-12 rounded-xl rounded-tr-none rounded-br-none flex bg-red-accent shadow-3xl items-center 
 justify-center border-solid border-light-red-accent border-t-2 border-b-2 border-l-2"
    data-testid="navigation-bar"
  >
    <ul
      class="flex justify-around w-full "
    >
      <li
        class="text-white transition-all duration-500  hover:drop-shadow-nxl "
      >
        <a
          data-testid="home-link"
          href="/"
        >
          <svg
            fill="currentColor"
            height="1em"
            stroke="currentColor"
            stroke-width="0"
            viewBox="0 0 20 20"
            width="1em"
            xmlns="http://www.w3.org/2000/svg"
          >
            <path
              d="M10.707 2.293a1 1 0 00-1.414 0l-7 7a1 1 0 001.414 1.414L4 10.414V17a1 1 0 001 1h2a1 1 0 001-1v-2a1 1 0 011-1h2a1 1 0 011 1v2a1 1 0 001 1h2a1 1 0 001-1v-6.586l.293.293a1 1 0 001.414-1.414l-7-7z"
            />
          </svg>
        </a>
      </li>
      <li
        class="text-white transition-all duration-500 hover:drop-shadow-nxl"
      >
        <a
          data-testid="shop-link"
          href="/shop"
        >
          <svg
            fill="none"
            height="1em"
            stroke="currentColor"
            stroke-width="0"
            viewBox="0 0 24 24"
            width="1em"
            xmlns="http://www.w3.org/2000/svg"
          >
            <path
              d="M16 11V7a4 4 0 00-8 0v4M5 9h14l1 12H4L5 9z"
              stroke-linecap="round"
              stroke-linejoin="round"
              stroke-width="2"
            />
          </svg>
        </a>
      </li>
      <li
        class="text-white transition-all duration-500 hover:drop-shadow-nxl"
      >
        <a
          data-testid="contact-link"
          href="/contact"
        >
          <svg
            fill="currentColor"
            height="1em"
            stroke="currentColor"
            stroke-width="0"
            viewBox="0 0 20 20"
            width="1em"
            xmlns="http://www.w3.org/2000/svg"
          >
            <path
              d="M2 3a1 1 0 011-1h2.153a1 1 0 01.986.836l.74 4.435a1 1 0 01-.54 1.06l-1.548.773a11.037 11.037 0 006.105 6.105l.774-1.548a1 1 0 011.059-.54l4.435.74a1 1 0 01.836.986V17a1 1 0 01-1 1h-2C7.82 18 2 12.18 2 5V3z"
            />
          </svg>
        </a>
      </li>
    </ul>
  </nav>
</DocumentFragment>
`;
